# Test:	TestGenTroubleshooterRunbook/cluster_empty
# friendlyname: ClusterFoo
# gvr:
#   Group: kf.dev
#   Resource: clusterfoos
#   Version: v1alpha1
# namespaced?: false
# version: v1.0

{# This page is autogenerated by Kf. File a bug under componentid:590084 rather than changing it directly. #}
{% extends "migrate/kf/docs/v1.0/_base.html" %}
{% block custom_heading %}
{% block page_title %} Troubleshoot {{kf_product_name_short}} ClusterFoos {% endblock %}
<meta name="description" content="Resolve issues with {{kf_product_name_short}} ClusterFoos">
<meta name="gtm_var" data-key="docType" data-value="troubleshooting">
{% endblock %}
{% block body %}

Use these steps to troubleshoot various issues that can occur when using {{kf_product_name_short}} ClusterFoos.

{% endblock %}

